[library] loaded 15 components from /Users/bobbyprice/.mog_synth_library.json
[solve] enumerative OK in 0.0s
[library] loaded 15 components from /Users/bobbyprice/.mog_synth_library.json
[enum] pass-1 exhausted cleanly; skipping pass-2
[solve] enumerative MISS in 0.0s
[solve] synthesize_gradient_only OK in 0.7s — synth_gradient
[library] loaded 15 components from /Users/bobbyprice/.mog_synth_library.json
[enum] pass-1 exhausted cleanly; skipping pass-2
[solve] enumerative MISS in 0.0s
[solve] synthesize_gradient_only OK in 12.8s — synth_gradient
[library] loaded 15 components from /Users/bobbyprice/.mog_synth_library.json
[enum] size 2: 8 new, 29 total unique, 0.0s
[enum] size 3: 175 new, 204 total unique, 0.0s
[enum] size 4: 132 new, 336 total unique, 0.0s
[enum] size 5: 3876 new, 4212 total unique, 0.0s
[enum] size 6: 4924 new, 9136 total unique, 0.1s
[enum] size 7: 110413 new, 119549 total unique, 1.1s
[enum] size 8: 173442 new, 292991 total unique, 5.9s
[enum] pass-1 exhausted cleanly; skipping pass-2
[solve] enumerative MISS in 8.8s
[solve] synthesize_gradient_only OK in 2.8s — synth_gradient
[library] loaded 15 components from /Users/bobbyprice/.mog_synth_library.json
[enum] pass-1 exhausted cleanly; skipping pass-2
[solve] enumerative MISS in 0.0s
[solve] method_router rec: scalar_gradient
[solve] synthesize_gradient_only OK in 2.2s — synth_gradient
[library] loaded 15 components from /Users/bobbyprice/.mog_synth_library.json
[enum] size 2: 7 new, 27 total unique, 0.0s
[enum] size 3: 169 new, 196 total unique, 0.0s
[enum] size 4: 69 new, 265 total unique, 0.0s
[enum] size 5: 3511 new, 3776 total unique, 0.0s
[enum] size 6: 2841 new, 6617 total unique, 0.1s
[enum] pass-1 exhausted cleanly; skipping pass-2
[solve] enumerative MISS in 0.2s
[solve] synthesize_gradient_only OK in 4.4s — synth_gradient
[library] loaded 15 components from /Users/bobbyprice/.mog_synth_library.json
[enum] size 2: 8 new, 35 total unique, 0.0s
[enum] size 3: 238 new, 273 total unique, 0.0s
[enum] size 4: 110 new, 383 total unique, 0.0s
[enum] size 5: 6685 new, 7068 total unique, 0.0s
[enum] size 6: 4055 new, 11123 total unique, 0.2s
[enum] pass-1 exhausted cleanly; skipping pass-2
[solve] enumerative MISS in 0.3s
[solve] method_router rec: scalar_gradient
[solve] synthesize_gradient_only OK in 7.3s — synth_gradient
[solve] skipping enumerative: exact search preemption
[solve] preemptive_search_teacher OK in 0.0s — search_lcm_formula
[enum-array] FOUND simple fold: array_sum ForFold { init: Const(0), body_op: Add, body_rhs: Var(0) }
[solve] enumerative OK in 0.0s
[enum-array] FOUND max/min fold: array_max ForFold { init: Const(0), body_op: Max, body_rhs: Var(0) }
[enum-array] FOUND max/min fold: array_max ForFold { init: Const(1), body_op: Max, body_rhs: Var(0) }
[enum-array] FOUND max/min fold: array_max ForFold { init: Const(-1), body_op: Max, body_rhs: Var(0) }
[solve] enumerative OK in 0.0s
[enum-array] FOUND cond-count: count_occurrences ForFold { init: Const(0), body_op: Add, body_rhs: IfExpr(Eq, Var(1), Var(0), Const(1), Const(0)) }
[solve] enumerative OK in 0.0s
[solve] skipping enumerative: non-scalar input (string/pair/struct)
[solve] synthesize_array MISS in 0.0s
[solve] search_teacher OK in 0.0s — search_trimmed_len
[solve] skipping enumerative: non-scalar input (string/pair/struct)
[solve] method_router rec: search_teacher
[solve] search_teacher OK in 0.0s — search_vowel_count
[solve] skipping enumerative: non-scalar input (string/pair/struct)
[solve] method_router rec: search_teacher
[solve] search_teacher OK in 0.0s — search_contains_literal
[solve] skipping enumerative: non-scalar input (string/pair/struct)
[solve] synthesize_array MISS in 0.0s
[solve] search_teacher OK in 0.0s — search_struct_pair
[library] loaded 15 components from /Users/bobbyprice/.mog_synth_library.json
[enum] size 2: 8 new, 32 total unique, 0.0s
[enum] size 3: 226 new, 258 total unique, 0.0s
[enum] size 4: 99 new, 357 total unique, 0.0s
[enum] size 5: 5599 new, 5956 total unique, 0.0s
[enum] size 6: 3887 new, 9843 total unique, 0.2s
[enum] pass-1 exhausted cleanly; skipping pass-2
[solve] enumerative MISS in 0.2s
[solve] synthesize_gradient_only OK in 1.8s — synth_gradient
[library] loaded 15 components from /Users/bobbyprice/.mog_synth_library.json
[enum] size 2: 8 new, 28 total unique, 0.0s
[enum] size 3: 170 new, 198 total unique, 0.0s
[enum] size 4: 122 new, 320 total unique, 0.0s
[enum] pass-1 exhausted cleanly; skipping pass-2
[solve] enumerative MISS in 0.0s
[solve] synthesize_gradient_only OK in 0.0s — synth_gradient
[library] loaded 15 components from /Users/bobbyprice/.mog_synth_library.json
[enum] size 2: 7 new, 28 total unique, 0.0s
[enum] size 3: 168 new, 196 total unique, 0.0s
[enum] size 4: 67 new, 263 total unique, 0.0s
[enum] size 5: 3439 new, 3702 total unique, 0.0s
[enum] size 6: 2696 new, 6398 total unique, 0.1s
[enum] size 7: 89589 new, 95987 total unique, 1.0s
[enum] size 8: 88729 new, 184716 total unique, 5.2s
[enum] size 9: 1925014 new, 2109730 total unique, 10.1s
[enum] pass-1 reached size 8 before timeout; skipping pass-2
[solve] enumerative MISS in 10.6s
[solve] synthesize_gradient_only OK in 4.5s — synth_gradient
[library] loaded 15 components from /Users/bobbyprice/.mog_synth_library.json
[enum] size 2: 7 new, 27 total unique, 0.0s
[enum] size 3: 170 new, 197 total unique, 0.0s
[enum] size 4: 70 new, 267 total unique, 0.0s
[enum] size 5: 3513 new, 3780 total unique, 0.0s
[enum] size 6: 2863 new, 6643 total unique, 0.1s
[enum] size 7: 92838 new, 99481 total unique, 1.1s
[enum] size 8: 94993 new, 194474 total unique, 5.3s
[enum] size 9: 1982546 new, 2177020 total unique, 10.2s
[enum] pass-1 reached size 8 before timeout; skipping pass-2
[solve] enumerative MISS in 10.5s
[solve] method_router rec: scalar_gradient
[solve] synthesize_gradient_only OK in 7.0s — synth_gradient
[enum-array] FOUND simple fold: closure_map_sum ForFold { init: Const(0), body_op: Add, body_rhs: BinOp(Add, Var(0), Var(0)) }
[solve] enumerative OK in 0.0s
[enum-array] FOUND cond-count: count_positive ForFold { init: Const(0), body_op: Add, body_rhs: IfExpr(Gt, Var(0), Const(0), Const(1), Const(0)) }
[solve] enumerative OK in 0.0s
[library] loaded 15 components from /Users/bobbyprice/.mog_synth_library.json
[enum] size 2: 7 new, 28 total unique, 0.0s
[enum] size 3: 170 new, 198 total unique, 0.0s
[enum] size 4: 71 new, 269 total unique, 0.0s
[enum] pass-1 exhausted cleanly; skipping pass-2
[solve] enumerative MISS in 0.0s
[solve] method_router rec: scalar_gradient
[solve] synthesize_gradient_only OK in 0.7s — synth_gradient
[library] loaded 15 components from /Users/bobbyprice/.mog_synth_library.json
[enum] size 2: 7 new, 28 total unique, 0.0s
[enum] size 3: 176 new, 204 total unique, 0.0s
[enum] size 4: 80 new, 284 total unique, 0.0s
[enum] size 5: 4027 new, 4311 total unique, 0.0s
[enum] size 6: 3133 new, 7444 total unique, 0.4s
[enum] size 7: 117961 new, 125405 total unique, 1.7s
[enum] size 8: 101414 new, 226819 total unique, 10.0s
[enum] pass-1 reached size 7 before timeout; skipping pass-2
[solve] enumerative MISS in 10.0s
[solve] method_router rec: scalar_gradient
[solve] synthesize_gradient_only OK in 5.9s — synth_gradient
[library] loaded 15 components from /Users/bobbyprice/.mog_synth_library.json
[enum] size 2: 7 new, 28 total unique, 0.0s
[enum] size 3: 176 new, 204 total unique, 0.0s
[enum] size 4: 80 new, 284 total unique, 0.0s
[enum] size 5: 3651 new, 3935 total unique, 0.0s
[enum] size 6: 2646 new, 6581 total unique, 0.3s
[enum] size 7: 99372 new, 105953 total unique, 1.4s
[enum] size 8: 85234 new, 191187 total unique, 10.0s
[enum] pass-1 reached size 7 before timeout; skipping pass-2
[solve] enumerative MISS in 10.0s
[solve] synthesize_gradient_only OK in 4.7s — synth_gradient
[library] loaded 15 components from /Users/bobbyprice/.mog_synth_library.json
[enum] size 2: 7 new, 28 total unique, 0.0s
[enum] size 3: 176 new, 204 total unique, 0.0s
[enum] size 4: 80 new, 284 total unique, 0.0s
[enum] size 5: 3955 new, 4239 total unique, 0.0s
[enum] size 6: 3172 new, 7411 total unique, 0.2s
[enum] pass-1 exhausted cleanly; skipping pass-2
[solve] enumerative MISS in 0.5s
[solve] method_router rec: scalar_gradient
[solve] synthesize_gradient_only OK in 12.3s — synth_gradient
[library] loaded 15 components from /Users/bobbyprice/.mog_synth_library.json
[enum] size 2: 7 new, 28 total unique, 0.0s
[enum] size 3: 176 new, 204 total unique, 0.0s
[enum] size 4: 80 new, 284 total unique, 0.0s
[enum] size 5: 3955 new, 4239 total unique, 0.0s
[enum] size 6: 3172 new, 7411 total unique, 0.2s
[enum] size 7: 113922 new, 121333 total unique, 1.4s
[enum] pass-1 exhausted cleanly; skipping pass-2
[solve] enumerative MISS in 1.6s
[solve] method_router rec: scalar_gradient
[solve] synthesize_gradient_only OK in 12.8s — synth_gradient
[solve] skipping enumerative: non-scalar input (string/pair/struct)
[solve] method_router rec: search_teacher
[solve] search_teacher OK in 0.0s — search_starts_with_literal
[solve] skipping enumerative: non-scalar input (string/pair/struct)
[solve] method_router rec: search_teacher
[solve] search_teacher OK in 0.0s — search_struct_pair
[library] loaded 15 components from /Users/bobbyprice/.mog_synth_library.json
[enum] size 2: 8 new, 35 total unique, 0.0s
[enum] size 3: 224 new, 259 total unique, 0.0s
[enum] size 4: 95 new, 354 total unique, 0.0s
[enum] size 5: 5576 new, 5930 total unique, 0.0s
[enum] size 6: 4178 new, 10108 total unique, 0.2s
[enum] size 7: 166345 new, 176453 total unique, 1.7s
[enum] pass-1 exhausted cleanly; skipping pass-2
[solve] enumerative MISS in 1.7s
[solve] method_router rec: scalar_gradient -> search_teacher
[solve] synthesize_gradient_only OK in 3.4s — synth_gradient
[library] loaded 15 components from /Users/bobbyprice/.mog_synth_library.json
[enum] size 2: 7 new, 28 total unique, 0.0s
[enum] size 3: 164 new, 192 total unique, 0.0s
[enum] size 4: 62 new, 254 total unique, 0.0s
[enum] size 5: 3267 new, 3521 total unique, 0.0s
[enum] size 6: 2672 new, 6193 total unique, 0.1s
[enum] size 7: 84323 new, 90516 total unique, 1.1s
[enum] pass-1 exhausted cleanly; skipping pass-2
[solve] enumerative MISS in 2.8s
[solve] method_router rec: scalar_gradient
[solve] synthesize_gradient_only OK in 1.4s — synth_gradient
[solve] skipping enumerative: exact search preemption
[solve] preemptive_search_teacher OK in 0.0s — search_collatz_loop
[library] loaded 15 components from /Users/bobbyprice/.mog_synth_library.json
[enum] size 2: 12 new, 39 total unique, 0.0s
[enum] size 3: 326 new, 365 total unique, 0.0s
[enum] size 4: 382 new, 747 total unique, 0.0s
[enum] size 5: 11638 new, 12385 total unique, 0.0s
[enum] size 6: 17704 new, 30089 total unique, 0.2s
[enum] pass-1 exhausted cleanly; skipping pass-2
[solve] enumerative MISS in 0.2s
[solve] synthesize_gradient_only OK in 2.8s — synth_gradient
[enum-array] FOUND simple fold: reverse_sum ForFold { init: Const(0), body_op: Add, body_rhs: Var(0) }
[solve] enumerative OK in 0.0s
[enum-array] FOUND max/min fold: array_max_elem ForFold { init: Const(0), body_op: Max, body_rhs: Var(0) }
[enum-array] FOUND max/min fold: array_max_elem ForFold { init: Const(1), body_op: Max, body_rhs: Var(0) }
[enum-array] FOUND max/min fold: array_max_elem ForFold { init: Const(-1), body_op: Max, body_rhs: Var(0) }
[solve] enumerative OK in 0.0s
[solve] skipping enumerative: method_router favors scalar_gradient (3 wins, 100% success)
[solve] method_router rec: scalar_gradient -> search_teacher
[solve] synthesize_gradient_only OK in 14.1s — synth_gradient
[solve] skipping enumerative: method_router favors scalar_gradient (4 wins, 100% success)
[solve] method_router rec: scalar_gradient -> search_teacher
[solve] synthesize_gradient_only OK in 4.4s — synth_gradient
[solve] skipping enumerative: method_router favors scalar_gradient (5 wins, 100% success)
[solve] method_router rec: scalar_gradient -> search_teacher
[solve] synthesize_gradient_only OK in 7.0s — synth_gradient
[solve] skipping enumerative: non-scalar input (string/pair/struct)
[solve] method_router rec: search_teacher
[solve] search_teacher OK in 0.0s — search_palindrome
[solve] skipping enumerative: non-scalar input (string/pair/struct)
[solve] method_router rec: search_teacher
[solve] search_teacher OK in 0.0s — search_count_words
[solve] skipping enumerative: exact search preemption
[solve] preemptive_search_teacher OK in 0.0s — search_euler_totient_loop
[solve] skipping enumerative: method_router favors scalar_gradient (6 wins, 100% success)
[solve] method_router rec: scalar_gradient -> search_teacher
[solve] synthesize_gradient_only OK in 5.7s — synth_gradient
[solve] skipping enumerative: method_router favors scalar_gradient (7 wins, 100% success)
[solve] method_router rec: scalar_gradient -> search_teacher
[solve] synthesize_gradient_only OK in 5.0s — synth_gradient
[solve] skipping enumerative: method_router favors scalar_gradient (8 wins, 100% success)
[solve] method_router rec: scalar_gradient -> search_teacher
[solve] synthesize_gradient_only OK in 11.5s — synth_gradient
[solve] skipping enumerative: exact search preemption
[solve] preemptive_search_teacher OK in 0.0s — search_triangular_check_loop
[solve] skipping enumerative: exact search preemption
[solve] preemptive_search_teacher OK in 0.0s — search_max_pair_diff
[enum-array] FOUND cond-sum: sum_negatives ForFold { init: Const(0), body_op: Add, body_rhs: IfExpr(Lt, Var(0), Const(0), Var(0), Const(0)) }
[solve] enumerative OK in 0.0s
[library] loaded 15 components from /Users/bobbyprice/.mog_synth_library.json
[enum] size 2: 8 new, 35 total unique, 0.0s
[enum] size 3: 227 new, 262 total unique, 0.0s
[enum] size 4: 111 new, 373 total unique, 0.0s
[enum] size 5: 7195 new, 7568 total unique, 0.0s
[enum] size 6: 6480 new, 14048 total unique, 0.2s
[enum] size 7: 271121 new, 285169 total unique, 2.1s
[enum] pass-1 exhausted cleanly; skipping pass-2
[solve] enumerative MISS in 2.2s
[solve] synthesize_gradient_only OK in 10.9s — synth_gradient
[solve] skipping enumerative: method_router favors scalar_gradient (9 wins, 100% success)
[solve] method_router rec: scalar_gradient -> search_teacher
[solve] synthesize_gradient_only OK in 5.5s — synth_gradient
[enum-array] FOUND simple fold: interactive_sum ForFold { init: Const(0), body_op: Add, body_rhs: Var(0) }
[solve] enumerative OK in 0.0s
[solve] skipping enumerative: exact search preemption
[solve] preemptive_search_teacher OK in 0.0s — search_second_max
[enum-array] no fold found in 0.0s
[solve] enumerative MISS in 0.0s
[solve] method_router rec: search_teacher
[solve] search_teacher OK in 70.9s — univ_arr_gradient
[solve] skipping enumerative: method_router favors scalar_gradient (10 wins, 100% success)
[solve] method_router rec: scalar_gradient -> search_teacher
[solve] synthesize_gradient_only OK in 11.4s — synth_gradient
[solve] skipping enumerative: method_router favors scalar_gradient (11 wins, 100% success)
[solve] method_router rec: scalar_gradient -> search_teacher
[solve] synthesize_gradient_only OK in 13.5s — synth_gradient
[enum-array] FOUND cond-count: count_zeros ForFold { init: Const(0), body_op: Add, body_rhs: IfExpr(Eq, Var(0), Const(0), Const(1), Const(0)) }
[solve] enumerative OK in 0.0s
[solve] skipping enumerative: exact search preemption
[solve] preemptive_search_teacher OK in 0.0s — search_max_consecutive_sum
[enum-array] no fold found in 0.0s
[solve] enumerative MISS in 0.0s
[solve] method_router rec: search_teacher
[solve] search_teacher OK in 58.5s — univ_arr_gradient
[enum-array] no fold found in 0.0s
[solve] enumerative MISS in 0.0s
[solve] synthesize_array OK in 0.0s
[solve] skipping enumerative: exact search preemption
[solve] preemptive_search_teacher OK in 0.0s — search_max_stock_profit
[solve] skipping enumerative: exact search preemption
[solve] preemptive_search_teacher OK in 0.0s — search_is_sorted
[solve] skipping enumerative: exact search preemption
[solve] preemptive_search_teacher OK in 0.0s — search_longest_increasing_run
[solve] skipping enumerative: method_router favors scalar_gradient (12 wins, 100% success)
[solve] method_router rec: scalar_gradient -> search_teacher
[solve] synthesize_gradient_only OK in 3.7s — synth_gradient
[enum-array] no fold found in 0.0s
[solve] enumerative MISS in 0.0s
[solve] synthesize_array OK in 0.0s
[enum-array] no fold found in 0.0s
[solve] enumerative MISS in 0.0s
[solve] synthesize_array OK in 0.0s
[enum-array] no fold found in 0.0s
[solve] enumerative MISS in 0.0s
[solve] method_router rec: array_gradient
[solve] synthesize_array OK in 0.0s
[solve] skipping enumerative: exact search preemption
[solve] preemptive_search_teacher OK in 0.0s — search_longest_plateau
[solve] skipping enumerative: method_router favors search_teacher (9 wins, 100% success)
[solve] method_router rec: search_teacher
[solve] search_teacher OK in 77.0s — univ_arr_gradient
[solve] skipping enumerative: method_router favors scalar_gradient (3 wins, 100% success)
[solve] method_router rec: scalar_gradient
[solve] synthesize_gradient_only OK in 0.0s — synth_gradient
[solve] skipping enumerative: method_router favors scalar_gradient (4 wins, 100% success)
[solve] method_router rec: scalar_gradient
[solve] synthesize_gradient_only OK in 1.7s — synth_gradient
[library] loaded 15 components from /Users/bobbyprice/.mog_synth_library.json
[enum] size 2: 9 new, 35 total unique, 0.0s
[enum] size 3: 288 new, 323 total unique, 0.0s
[enum] size 4: 130 new, 453 total unique, 0.0s
[enum] size 5: 8288 new, 8741 total unique, 0.0s
[enum] pass-1 exhausted cleanly; skipping pass-2
[solve] enumerative MISS in 0.0s
[solve] synthesize_gradient_only OK in 2.2s — synth_gradient
[solve] skipping enumerative: method_router favors scalar_gradient (3 wins, 100% success)
[solve] method_router rec: scalar_gradient -> search_teacher
[solve] synthesize_gradient_only OK in 1.8s — synth_gradient
[solve] skipping enumerative: method_router favors scalar_gradient (4 wins, 100% success)
[solve] method_router rec: scalar_gradient -> search_teacher
[solve] synthesize_gradient_only OK in 2.2s — synth_gradient
[solve] skipping enumerative: method_router favors search_teacher (10 wins, 100% success)
[solve] method_router rec: search_teacher
[solve] search_teacher OK in 0.4s — arr_gradient
[solve] skipping enumerative: method_router favors search_teacher (11 wins, 100% success)
[solve] method_router rec: search_teacher
[solve] search_teacher OK in 0.0s — arr_gradient
[solve] skipping enumerative: method_router favors search_teacher (12 wins, 100% success)
[solve] method_router rec: search_teacher
