[library] loaded 15 components from /Users/bobbyprice/.mog_synth_library.json
[solve] enumerative OK in 0.0s
[library] loaded 15 components from /Users/bobbyprice/.mog_synth_library.json
[enum] pass-1 exhausted cleanly; skipping pass-2
[solve] enumerative MISS in 0.0s
[solve] synthesize_gradient_only OK in 0.7s — synth_gradient
[library] loaded 15 components from /Users/bobbyprice/.mog_synth_library.json
[enum] pass-1 exhausted cleanly; skipping pass-2
[solve] enumerative MISS in 0.0s
[solve] synthesize_gradient_only OK in 13.1s — synth_gradient
[library] loaded 15 components from /Users/bobbyprice/.mog_synth_library.json
[enum] size 2: 8 new, 29 total unique, 0.0s
[enum] size 3: 175 new, 204 total unique, 0.0s
[enum] size 4: 132 new, 336 total unique, 0.0s
[enum] size 5: 3876 new, 4212 total unique, 0.0s
[enum] size 6: 4924 new, 9136 total unique, 0.1s
[enum] size 7: 110413 new, 119549 total unique, 1.2s
[enum] size 8: 173442 new, 292991 total unique, 6.1s
[enum] pass-1 exhausted cleanly; skipping pass-2
[solve] enumerative MISS in 9.1s
[solve] synthesize_gradient_only OK in 2.9s — synth_gradient
[library] loaded 15 components from /Users/bobbyprice/.mog_synth_library.json
[enum] pass-1 exhausted cleanly; skipping pass-2
[solve] enumerative MISS in 0.0s
[solve] method_router rec: scalar_gradient
[solve] synthesize_gradient_only OK in 2.2s — synth_gradient
[solve] skipping enumerative: exact search preemption
[solve] preemptive_search_teacher OK in 0.0s — search_unary_range_loop
[solve] skipping enumerative: exact search preemption
[solve] preemptive_search_teacher OK in 0.0s — search_gcd_loop
[solve] skipping enumerative: exact search preemption
[solve] preemptive_search_teacher OK in 0.0s — search_lcm_formula
[enum-array] FOUND simple fold: array_sum ForFold { init: Const(0), body_op: Add, body_rhs: Var(0) }
[solve] enumerative OK in 0.0s
[enum-array] FOUND max/min fold: array_max ForFold { init: Const(0), body_op: Max, body_rhs: Var(0) }
[enum-array] FOUND max/min fold: array_max ForFold { init: Const(1), body_op: Max, body_rhs: Var(0) }
[enum-array] FOUND max/min fold: array_max ForFold { init: Const(-1), body_op: Max, body_rhs: Var(0) }
[solve] enumerative OK in 0.0s
[enum-array] FOUND cond-count: count_occurrences ForFold { init: Const(0), body_op: Add, body_rhs: IfExpr(Eq, Var(1), Var(0), Const(1), Const(0)) }
[solve] enumerative OK in 0.0s
[solve] skipping enumerative: non-scalar input (string/pair/struct)
[solve] synthesize_array MISS in 0.0s
[solve] search_teacher OK in 0.0s — search_trimmed_len
[solve] skipping enumerative: non-scalar input (string/pair/struct)
[solve] method_router rec: search_teacher
[solve] search_teacher OK in 0.0s — search_vowel_count
[solve] skipping enumerative: non-scalar input (string/pair/struct)
[solve] method_router rec: search_teacher
[solve] search_teacher OK in 0.0s — search_contains_literal
[solve] skipping enumerative: non-scalar input (string/pair/struct)
[solve] synthesize_array MISS in 0.0s
[solve] search_teacher OK in 0.0s — search_struct_pair
[library] loaded 15 components from /Users/bobbyprice/.mog_synth_library.json
[enum] size 2: 8 new, 32 total unique, 0.0s
[enum] size 3: 226 new, 258 total unique, 0.0s
[enum] size 4: 99 new, 357 total unique, 0.0s
[enum] size 5: 5599 new, 5956 total unique, 0.0s
[enum] size 6: 3887 new, 9843 total unique, 0.2s
[enum] pass-1 exhausted cleanly; skipping pass-2
[solve] enumerative MISS in 0.2s
[solve] synthesize_gradient_only OK in 1.8s — synth_gradient
[library] loaded 15 components from /Users/bobbyprice/.mog_synth_library.json
[enum] size 2: 8 new, 28 total unique, 0.0s
[enum] size 3: 170 new, 198 total unique, 0.0s
[enum] size 4: 122 new, 320 total unique, 0.0s
[enum] pass-1 exhausted cleanly; skipping pass-2
[solve] enumerative MISS in 0.0s
[solve] synthesize_gradient_only OK in 0.1s — synth_gradient
[solve] skipping enumerative: exact search preemption
[solve] preemptive_search_teacher OK in 0.0s — search_unary_range_loop
[solve] skipping enumerative: exact search preemption
[solve] preemptive_search_teacher OK in 0.0s — search_fib_iter_loop
[enum-array] FOUND simple fold: closure_map_sum ForFold { init: Const(0), body_op: Add, body_rhs: BinOp(Add, Var(0), Var(0)) }
[solve] enumerative OK in 0.0s
[enum-array] FOUND cond-count: count_positive ForFold { init: Const(0), body_op: Add, body_rhs: IfExpr(Gt, Var(0), Const(0), Const(1), Const(0)) }
[solve] enumerative OK in 0.0s
[library] loaded 15 components from /Users/bobbyprice/.mog_synth_library.json
[enum] size 2: 7 new, 28 total unique, 0.0s
[enum] size 3: 170 new, 198 total unique, 0.0s
[enum] size 4: 71 new, 269 total unique, 0.0s
[enum] pass-1 exhausted cleanly; skipping pass-2
[solve] enumerative MISS in 0.0s
[solve] method_router rec: scalar_gradient
[solve] synthesize_gradient_only OK in 0.7s — synth_gradient
[solve] skipping enumerative: exact search preemption
[solve] preemptive_search_teacher OK in 0.0s — search_digit_sum_loop
[solve] skipping enumerative: exact search preemption
[solve] preemptive_search_teacher OK in 0.0s — search_reverse_digits_loop
[solve] skipping enumerative: exact search preemption
[solve] preemptive_search_teacher OK in 0.0s — search_digit_count_loop
[solve] skipping enumerative: exact search preemption
[solve] preemptive_search_teacher OK in 0.0s — search_count_even_digits_loop
[solve] skipping enumerative: non-scalar input (string/pair/struct)
[solve] method_router rec: search_teacher
[solve] search_teacher OK in 0.0s — search_starts_with_literal
[solve] skipping enumerative: non-scalar input (string/pair/struct)
[solve] method_router rec: search_teacher
[solve] search_teacher OK in 0.0s — search_struct_pair
[solve] skipping enumerative: exact search preemption
[solve] preemptive_search_teacher OK in 0.0s — search_power_loop
[library] loaded 15 components from /Users/bobbyprice/.mog_synth_library.json
[enum] size 2: 7 new, 28 total unique, 0.0s
[enum] size 3: 164 new, 192 total unique, 0.0s
[enum] size 4: 62 new, 254 total unique, 0.0s
[enum] size 5: 3267 new, 3521 total unique, 0.0s
[enum] size 6: 2672 new, 6193 total unique, 0.1s
[enum] size 7: 84323 new, 90516 total unique, 1.0s
[enum] pass-1 exhausted cleanly; skipping pass-2
[solve] enumerative MISS in 2.8s
[solve] method_router rec: search_teacher
[solve] search_teacher OK in 11.5s — synth_gradient
[solve] skipping enumerative: exact search preemption
[solve] preemptive_search_teacher OK in 0.0s — search_collatz_loop
[library] loaded 15 components from /Users/bobbyprice/.mog_synth_library.json
[enum] size 2: 12 new, 39 total unique, 0.0s
[enum] size 3: 326 new, 365 total unique, 0.0s
[enum] size 4: 382 new, 747 total unique, 0.0s
[enum] size 5: 11638 new, 12385 total unique, 0.0s
[enum] size 6: 17704 new, 30089 total unique, 0.2s
[enum] pass-1 exhausted cleanly; skipping pass-2
[solve] enumerative MISS in 0.2s
[solve] synthesize_gradient_only OK in 3.5s — synth_gradient
[enum-array] FOUND simple fold: reverse_sum ForFold { init: Const(0), body_op: Add, body_rhs: Var(0) }
[solve] enumerative OK in 0.0s
[enum-array] FOUND max/min fold: array_max_elem ForFold { init: Const(0), body_op: Max, body_rhs: Var(0) }
[enum-array] FOUND max/min fold: array_max_elem ForFold { init: Const(1), body_op: Max, body_rhs: Var(0) }
[enum-array] FOUND max/min fold: array_max_elem ForFold { init: Const(-1), body_op: Max, body_rhs: Var(0) }
[solve] enumerative OK in 0.0s
[solve] skipping enumerative: exact search preemption
[solve] preemptive_search_teacher OK in 0.0s — search_is_prime_loop
[solve] skipping enumerative: exact search preemption
[solve] preemptive_search_teacher OK in 0.0s — search_unary_range_loop
[solve] skipping enumerative: exact search preemption
[solve] preemptive_search_teacher OK in 0.0s — search_fib_iter_loop
[solve] skipping enumerative: non-scalar input (string/pair/struct)
[solve] method_router rec: search_teacher
[solve] search_teacher OK in 0.0s — search_palindrome
[solve] skipping enumerative: non-scalar input (string/pair/struct)
[solve] method_router rec: search_teacher
[solve] search_teacher OK in 0.0s — search_count_words
[solve] skipping enumerative: exact search preemption
[solve] preemptive_search_teacher OK in 0.0s — search_euler_totient_loop
[solve] skipping enumerative: method_router favors search_teacher (7 wins, 100% success)
[solve] method_router rec: search_teacher
[solve] search_teacher OK in 0.0s — synth_gradient
[solve] skipping enumerative: exact search preemption
[solve] preemptive_search_teacher OK in 0.0s — search_unary_range_loop
[solve] skipping enumerative: exact search preemption
[solve] preemptive_search_teacher OK in 0.0s — search_count_divisors_loop
[solve] skipping enumerative: exact search preemption
[solve] preemptive_search_teacher OK in 0.0s — search_triangular_check_loop
[solve] skipping enumerative: exact search preemption
[solve] preemptive_search_teacher OK in 0.0s — search_max_pair_diff
[enum-array] FOUND cond-sum: sum_negatives ForFold { init: Const(0), body_op: Add, body_rhs: IfExpr(Lt, Var(0), Const(0), Var(0), Const(0)) }
[solve] enumerative OK in 0.0s
[solve] skipping enumerative: exact search preemption
[solve] preemptive_search_teacher OK in 0.0s — search_gcd_loop
[solve] skipping enumerative: exact search preemption
[solve] preemptive_search_teacher OK in 0.0s — search_harmonic_sum_loop
[enum-array] FOUND simple fold: interactive_sum ForFold { init: Const(0), body_op: Add, body_rhs: Var(0) }
[solve] enumerative OK in 0.0s
[solve] skipping enumerative: exact search preemption
[solve] preemptive_search_teacher OK in 0.0s — search_second_max
[solve] skipping enumerative: exact search preemption
[solve] preemptive_search_teacher OK in 0.0s — search_array_range
[solve] skipping enumerative: exact search preemption
[solve] preemptive_search_teacher OK in 0.0s — search_sum_of_divisors_loop
[solve] skipping enumerative: exact search preemption
[solve] preemptive_search_teacher OK in 0.0s — search_sum_odd_digits_loop
[enum-array] FOUND cond-count: count_zeros ForFold { init: Const(0), body_op: Add, body_rhs: IfExpr(Eq, Var(0), Const(0), Const(1), Const(0)) }
[solve] enumerative OK in 0.0s
[solve] skipping enumerative: exact search preemption
[solve] preemptive_search_teacher OK in 0.0s — search_max_consecutive_sum
[solve] skipping enumerative: exact search preemption
[solve] preemptive_search_teacher OK in 0.0s — search_min_consecutive_sum
[enum-array] no fold found in 0.0s
[solve] enumerative MISS in 0.0s
[solve] synthesize_array OK in 0.0s
[solve] skipping enumerative: exact search preemption
[solve] preemptive_search_teacher OK in 0.0s — search_max_stock_profit
[solve] skipping enumerative: exact search preemption
[solve] preemptive_search_teacher OK in 0.0s — search_is_sorted
[solve] skipping enumerative: exact search preemption
[solve] preemptive_search_teacher OK in 0.0s — search_longest_increasing_run
[solve] skipping enumerative: exact search preemption
[solve] preemptive_search_teacher OK in 0.0s — search_digital_root
[enum-array] no fold found in 0.0s
[solve] enumerative MISS in 0.0s
[solve] synthesize_array OK in 0.0s
[enum-array] no fold found in 0.0s
[solve] enumerative MISS in 0.0s
[solve] synthesize_array OK in 0.0s
[enum-array] no fold found in 0.0s
[solve] enumerative MISS in 0.0s
[solve] method_router rec: array_gradient
[solve] synthesize_array OK in 0.0s
[solve] skipping enumerative: exact search preemption
[solve] preemptive_search_teacher OK in 0.0s — search_longest_plateau
[solve] skipping enumerative: exact search preemption
[solve] preemptive_search_teacher OK in 0.0s — search_prefix_max_sum
[solve] skipping enumerative: method_router favors search_teacher (3 wins, 100% success)
[solve] method_router rec: search_teacher
[solve] search_teacher OK in 1.8s — synth_gradient
[solve] skipping enumerative: method_router favors search_teacher (4 wins, 100% success)
[solve] method_router rec: search_teacher
[solve] search_teacher OK in 0.3s — synth_gradient
[library] loaded 15 components from /Users/bobbyprice/.mog_synth_library.json
[enum] size 2: 9 new, 35 total unique, 0.0s
[enum] size 3: 288 new, 323 total unique, 0.0s
[enum] size 4: 130 new, 453 total unique, 0.0s
[enum] size 5: 8288 new, 8741 total unique, 0.0s
[enum] pass-1 exhausted cleanly; skipping pass-2
[solve] enumerative MISS in 0.0s
[solve] synthesize_gradient_only OK in 2.2s — synth_gradient
[solve] skipping enumerative: method_router favors search_teacher (3 wins, 100% success)
[solve] method_router rec: search_teacher -> scalar_gradient
[solve] search_teacher OK in 23.0s — synth_gradient
[solve] skipping enumerative: method_router favors search_teacher (4 wins, 100% success)
[solve] method_router rec: search_teacher -> scalar_gradient
[solve] search_teacher OK in 23.8s — synth_gradient
[solve] skipping enumerative: method_router favors search_teacher (10 wins, 100% success)
[solve] method_router rec: search_teacher
[solve] search_teacher OK in 0.3s — arr_gradient
[solve] skipping enumerative: exact search preemption
[solve] preemptive_search_teacher OK in 0.0s — search_min_consecutive_sum
[solve] skipping enumerative: method_router favors search_teacher (12 wins, 100% success)
[solve] method_router rec: search_teacher
[solve] search_teacher OK in 54.9s — univ_arr_gradient
[solve] skipping enumerative: method_router favors search_teacher (13 wins, 100% success)
[solve] method_router rec: search_teacher
[solve] search_teacher OK in 65.1s — univ_arr_gradient
[solve] skipping enumerative: method_router favors search_teacher (14 wins, 100% success)
[solve] method_router rec: search_teacher
[solve] search_teacher OK in 0.0s — arr_gradient
[solve] skipping enumerative: exact search preemption
[solve] preemptive_search_teacher OK in 0.0s — search_sum_at_even_indices
[solve] skipping enumerative: exact search preemption
[solve] preemptive_search_teacher OK in 0.0s — search_kth_from_end
[solve] skipping enumerative: method_router favors search_teacher (16 wins, 100% success)
[solve] method_router rec: search_teacher
